[INFO] Scanning for projects...
[ERROR] [ERROR] Some problems were encountered while processing the POMs:
[ERROR] 'dependencies.dependency.version' for org.flywaydb:flyway-database-h2:jar is missing. @ line 45, column 15
 @ 
[ERROR] The build could not read 1 project -> [Help 1]
[ERROR]   
[ERROR]   The project com.gymroutine:backend:0.0.1-SNAPSHOT (E:\Anti gravity\gym-routine-app\backend\pom.xml) has 1 error
[ERROR]     'dependencies.dependency.version' for org.flywaydb:flyway-database-h2:jar is missing. @ line 45, column 15
[ERROR] 
[ERROR] To see the full stack trace of the errors, re-run Maven with the -e switch.
[ERROR] Re-run Maven using the -X switch to enable full debug logging.
[ERROR] 
[ERROR] For more information about the errors and possible solutions, please read the following articles:
[ERROR] [Help 1] http://cwiki.apache.org/confluence/display/MAVEN/ProjectBuildingException
